# Terminal Closeout Validator

- command: `bash .octon/framework/assurance/runtime/_ops/scripts/validate-generated-non-authority.sh`
- status: `exit status: 0`

## stdout

```
== Generated Non-Authority Validation ==
[OK] yq available
[OK] generated non-authority receipt present
[OK] generated non-authority receipt schema is current
[OK] scan root is authority-safe: .octon/framework/engine/runtime/crates
[OK] scan root is authority-safe: .octon/instance/governance/policies
[OK] proposal-packet delivery workflow declares: generated_freshness_scope_detection
[OK] proposal-packet delivery workflow declares: generated_freshness_not_in_scope
[OK] proposal-packet delivery workflow declares: generated_input_scope_detected_and_owner_routed
[OK] proposal-packet delivery workflow declares: generated_refresh_needed_but_not_authorized
[OK] proposal-packet delivery workflow declares: generated_output_present_but_stale
[OK] proposal-packet delivery workflow declares: generated_output_fresh_but_non_authoritative
[OK] proposal-packet delivery workflow declares: proposal_local_or_parent_evidence_satisfies_generated_freshness: false
[OK] proposal-packet delivery workflow declares: generated_output_authorizes_closeout_or_archive: false
[OK] rule reference present: .octon/framework/constitution/obligations/fail-closed.yml
[OK] .octon/framework/constitution/obligations/fail-closed.yml contains: A generated artifact is treated as source-of-truth or as a second control plane.
[OK] rule reference present: .octon/framework/cognition/_meta/architecture/specification.md
[OK] .octon/framework/cognition/_meta/architecture/specification.md contains: `generated/**` is rebuildable and never mints authority.
[OK] allowed generated read-model reference: .octon/framework/engine/runtime/crates/kernel/src/commands/mission.rs
[OK] allowed generated read-model reference: .octon/framework/engine/runtime/crates/kernel/src/commands/mission.rs
[OK] allowed generated read-model reference: .octon/framework/engine/runtime/crates/kernel/src/commands/mission.rs
[OK] allowed generated read-model reference: .octon/framework/engine/runtime/crates/kernel/src/commands/stewardship.rs
[OK] allowed generated read-model reference: .octon/framework/engine/runtime/crates/kernel/src/commands/engagement.rs
[OK] allowed generated read-model reference: .octon/framework/engine/runtime/crates/kernel/src/commands/engagement.rs
[OK] allowed generated read-model reference: .octon/framework/engine/runtime/crates/kernel/src/commands/engagement.rs
[OK] allowed generated read-model reference: .octon/instance/governance/policies/hierarchical-planning.yml
[OK] allowed generated read-model reference: .octon/instance/governance/policies/preflight-evidence-lane.yml
[OK] allowed generated read-model reference: .octon/instance/governance/policies/preflight-evidence-lane.yml
[OK] allowed generated read-model reference: .octon/instance/governance/policies/preflight-evidence-lane.yml
Validation summary: errors=0

```

## stderr

```

```
