[OK] Live provider ruleset allows route-neutral hosted no-PR landing.
[OK] Source ref is current with origin/main.
[OK] Empty check set explicitly allowed.
[OK] Exact-SHA required checks satisfied for 7a34bc348cbaf19ec5a07b0a9ed5297d8a5c9b68.
[OK] Hosted no-PR landing preflight passed.
[OK] Route guard: branch-no-pr.
[OK] Source branch: chore/repo-hygiene-cleanup-receipts-closeout
[OK] Source ref: 7a34bc348cbaf19ec5a07b0a9ed5297d8a5c9b68
[OK] Target branch: main
[OK] Target remote ref: 3bd446e1ce8f7d206d4e35c72644a8232f87b822
[OK] Landing authorization receipt validates.
To github.com:jamesryancooper/octon.git
   3bd446e1c..7a34bc348  7a34bc348cbaf19ec5a07b0a9ed5297d8a5c9b68 -> main
[OK] Route guard: branch-no-pr.
[OK] Hosted no-PR fast-forward landing complete.
[OK] Source branch: chore/repo-hygiene-cleanup-receipts-closeout
[OK] Source ref: 7a34bc348cbaf19ec5a07b0a9ed5297d8a5c9b68
[OK] Target branch: main
[OK] Target pre-ref: 3bd446e1ce8f7d206d4e35c72644a8232f87b822
[OK] Target post-ref: 7a34bc348cbaf19ec5a07b0a9ed5297d8a5c9b68
[OK] Landed ref: 7a34bc348cbaf19ec5a07b0a9ed5297d8a5c9b68
[OK] origin/main equals landed_ref after push when target is main.
[OK] Integration method: fast-forward
