protected	referenced_untracked	.DS_Store	referenced by a tracked control, evidence, generated, or governance file
manual_review	active_control_state	.octon/state/continuity/runs/archive-proposal-architectural-review-mechanism-documentation-projection-alignment-20260616-archive-proposal/handoff.yml	unreferenced control or continuity state needs operator classification
cleanup_candidate	local_run_residue	.octon/state/continuity/runs/archive-proposal-architectural-review-mechanism-documentation-projection-alignment-20260616-validate-proposal/handoff.yml	unreferenced closed workflow-engine run residue: archive-proposal-architectural-review-mechanism-documentation-projection-alignment-20260616-validate-proposal
manual_review	active_control_state	.octon/state/continuity/runs/archive-proposal-architectural-review-mechanism-documentation-projection-alignment-20260616/handoff.yml	unreferenced control or continuity state needs operator classification
cleanup_candidate	local_run_residue	.octon/state/continuity/runs/publish-1781572113652-59280/handoff.yml	unreferenced closed workflow-engine run residue: publish-1781572113652-59280
manual_review	active_control_state	.octon/state/control/execution/runs/archive-proposal-architectural-review-mechanism-documentation-projection-alignment-20260616-archive-proposal/checkpoints/bound.yml	unreferenced control or continuity state needs operator classification
manual_review	active_control_state	.octon/state/control/execution/runs/archive-proposal-architectural-review-mechanism-documentation-projection-alignment-20260616-archive-proposal/checkpoints/execution-start.yml	unreferenced control or continuity state needs operator classification
manual_review	active_control_state	.octon/state/control/execution/runs/archive-proposal-architectural-review-mechanism-documentation-projection-alignment-20260616-archive-proposal/contamination/current.yml	unreferenced control or continuity state needs operator classification
manual_review	active_control_state	.octon/state/control/execution/runs/archive-proposal-architectural-review-mechanism-documentation-projection-alignment-20260616-archive-proposal/context/active-context-pack.yml	unreferenced control or continuity state needs operator classification
manual_review	active_control_state	.octon/state/control/execution/runs/archive-proposal-architectural-review-mechanism-documentation-projection-alignment-20260616-archive-proposal/context/status.yml	unreferenced control or continuity state needs operator classification
manual_review	active_control_state	.octon/state/control/execution/runs/archive-proposal-architectural-review-mechanism-documentation-projection-alignment-20260616-archive-proposal/effect-tokens/effect-token-evidence-mutation-2df6b3a08eec.json	unreferenced control or continuity state needs operator classification
manual_review	active_control_state	.octon/state/control/execution/runs/archive-proposal-architectural-review-mechanism-documentation-projection-alignment-20260616-archive-proposal/effect-tokens/effect-token-state-control-mutation-e092b4bd0b93.json	unreferenced control or continuity state needs operator classification
manual_review	active_control_state	.octon/state/control/execution/runs/archive-proposal-architectural-review-mechanism-documentation-projection-alignment-20260616-archive-proposal/events.manifest.yml	unreferenced control or continuity state needs operator classification
manual_review	active_control_state	.octon/state/control/execution/runs/archive-proposal-architectural-review-mechanism-documentation-projection-alignment-20260616-archive-proposal/events.ndjson	unreferenced control or continuity state needs operator classification
manual_review	active_control_state	.octon/state/control/execution/runs/archive-proposal-architectural-review-mechanism-documentation-projection-alignment-20260616-archive-proposal/retry-records/baseline.yml	unreferenced control or continuity state needs operator classification
manual_review	active_control_state	.octon/state/control/execution/runs/archive-proposal-architectural-review-mechanism-documentation-projection-alignment-20260616-archive-proposal/rollback-posture.yml	unreferenced control or continuity state needs operator classification
manual_review	active_control_state	.octon/state/control/execution/runs/archive-proposal-architectural-review-mechanism-documentation-projection-alignment-20260616-archive-proposal/run-contract.yml	unreferenced control or continuity state needs operator classification
manual_review	active_control_state	.octon/state/control/execution/runs/archive-proposal-architectural-review-mechanism-documentation-projection-alignment-20260616-archive-proposal/run-manifest.yml	unreferenced control or continuity state needs operator classification
manual_review	active_control_state	.octon/state/control/execution/runs/archive-proposal-architectural-review-mechanism-documentation-projection-alignment-20260616-archive-proposal/runtime-state.yml	unreferenced control or continuity state needs operator classification
manual_review	active_control_state	.octon/state/control/execution/runs/archive-proposal-architectural-review-mechanism-documentation-projection-alignment-20260616-archive-proposal/stage-attempts/archive-proposal--initial.yml	unreferenced control or continuity state needs operator classification
cleanup_candidate	local_run_residue	.octon/state/control/execution/runs/archive-proposal-architectural-review-mechanism-documentation-projection-alignment-20260616-validate-proposal/authority/review-dispositions.yml	unreferenced closed workflow-engine run residue: archive-proposal-architectural-review-mechanism-documentation-projection-alignment-20260616-validate-proposal
cleanup_candidate	local_run_residue	.octon/state/control/execution/runs/archive-proposal-architectural-review-mechanism-documentation-projection-alignment-20260616-validate-proposal/checkpoints/bound.yml	unreferenced closed workflow-engine run residue: archive-proposal-architectural-review-mechanism-documentation-projection-alignment-20260616-validate-proposal
cleanup_candidate	local_run_residue	.octon/state/control/execution/runs/archive-proposal-architectural-review-mechanism-documentation-projection-alignment-20260616-validate-proposal/checkpoints/execution-complete.yml	unreferenced closed workflow-engine run residue: archive-proposal-architectural-review-mechanism-documentation-projection-alignment-20260616-validate-proposal
cleanup_candidate	local_run_residue	.octon/state/control/execution/runs/archive-proposal-architectural-review-mechanism-documentation-projection-alignment-20260616-validate-proposal/checkpoints/execution-start.yml	unreferenced closed workflow-engine run residue: archive-proposal-architectural-review-mechanism-documentation-projection-alignment-20260616-validate-proposal
cleanup_candidate	local_run_residue	.octon/state/control/execution/runs/archive-proposal-architectural-review-mechanism-documentation-projection-alignment-20260616-validate-proposal/contamination/current.yml	unreferenced closed workflow-engine run residue: archive-proposal-architectural-review-mechanism-documentation-projection-alignment-20260616-validate-proposal
cleanup_candidate	local_run_residue	.octon/state/control/execution/runs/archive-proposal-architectural-review-mechanism-documentation-projection-alignment-20260616-validate-proposal/context/active-context-pack.yml	unreferenced closed workflow-engine run residue: archive-proposal-architectural-review-mechanism-documentation-projection-alignment-20260616-validate-proposal
cleanup_candidate	local_run_residue	.octon/state/control/execution/runs/archive-proposal-architectural-review-mechanism-documentation-projection-alignment-20260616-validate-proposal/context/status.yml	unreferenced closed workflow-engine run residue: archive-proposal-architectural-review-mechanism-documentation-projection-alignment-20260616-validate-proposal
cleanup_candidate	local_run_residue	.octon/state/control/execution/runs/archive-proposal-architectural-review-mechanism-documentation-projection-alignment-20260616-validate-proposal/effect-tokens/effect-token-evidence-mutation-8acd28e8cd62.json	unreferenced closed workflow-engine run residue: archive-proposal-architectural-review-mechanism-documentation-projection-alignment-20260616-validate-proposal
cleanup_candidate	local_run_residue	.octon/state/control/execution/runs/archive-proposal-architectural-review-mechanism-documentation-projection-alignment-20260616-validate-proposal/effect-tokens/effect-token-state-control-mutation-3ea66ddefdac.json	unreferenced closed workflow-engine run residue: archive-proposal-architectural-review-mechanism-documentation-projection-alignment-20260616-validate-proposal
cleanup_candidate	local_run_residue	.octon/state/control/execution/runs/archive-proposal-architectural-review-mechanism-documentation-projection-alignment-20260616-validate-proposal/events.manifest.yml	unreferenced closed workflow-engine run residue: archive-proposal-architectural-review-mechanism-documentation-projection-alignment-20260616-validate-proposal
cleanup_candidate	local_run_residue	.octon/state/control/execution/runs/archive-proposal-architectural-review-mechanism-documentation-projection-alignment-20260616-validate-proposal/events.ndjson	unreferenced closed workflow-engine run residue: archive-proposal-architectural-review-mechanism-documentation-projection-alignment-20260616-validate-proposal
cleanup_candidate	local_run_residue	.octon/state/control/execution/runs/archive-proposal-architectural-review-mechanism-documentation-projection-alignment-20260616-validate-proposal/retry-records/baseline.yml	unreferenced closed workflow-engine run residue: archive-proposal-architectural-review-mechanism-documentation-projection-alignment-20260616-validate-proposal
cleanup_candidate	local_run_residue	.octon/state/control/execution/runs/archive-proposal-architectural-review-mechanism-documentation-projection-alignment-20260616-validate-proposal/rollback-posture.yml	unreferenced closed workflow-engine run residue: archive-proposal-architectural-review-mechanism-documentation-projection-alignment-20260616-validate-proposal
cleanup_candidate	local_run_residue	.octon/state/control/execution/runs/archive-proposal-architectural-review-mechanism-documentation-projection-alignment-20260616-validate-proposal/run-contract.yml	unreferenced closed workflow-engine run residue: archive-proposal-architectural-review-mechanism-documentation-projection-alignment-20260616-validate-proposal
cleanup_candidate	local_run_residue	.octon/state/control/execution/runs/archive-proposal-architectural-review-mechanism-documentation-projection-alignment-20260616-validate-proposal/run-manifest.yml	unreferenced closed workflow-engine run residue: archive-proposal-architectural-review-mechanism-documentation-projection-alignment-20260616-validate-proposal
cleanup_candidate	local_run_residue	.octon/state/control/execution/runs/archive-proposal-architectural-review-mechanism-documentation-projection-alignment-20260616-validate-proposal/runtime-state.yml	unreferenced closed workflow-engine run residue: archive-proposal-architectural-review-mechanism-documentation-projection-alignment-20260616-validate-proposal
cleanup_candidate	local_run_residue	.octon/state/control/execution/runs/archive-proposal-architectural-review-mechanism-documentation-projection-alignment-20260616-validate-proposal/stage-attempts/validate-proposal--initial.yml	unreferenced closed workflow-engine run residue: archive-proposal-architectural-review-mechanism-documentation-projection-alignment-20260616-validate-proposal
manual_review	active_control_state	.octon/state/control/execution/runs/archive-proposal-architectural-review-mechanism-documentation-projection-alignment-20260616/checkpoints/bound.yml	unreferenced control or continuity state needs operator classification
manual_review	active_control_state	.octon/state/control/execution/runs/archive-proposal-architectural-review-mechanism-documentation-projection-alignment-20260616/checkpoints/execution-start.yml	unreferenced control or continuity state needs operator classification
manual_review	active_control_state	.octon/state/control/execution/runs/archive-proposal-architectural-review-mechanism-documentation-projection-alignment-20260616/contamination/current.yml	unreferenced control or continuity state needs operator classification
manual_review	active_control_state	.octon/state/control/execution/runs/archive-proposal-architectural-review-mechanism-documentation-projection-alignment-20260616/context/active-context-pack.yml	unreferenced control or continuity state needs operator classification
manual_review	active_control_state	.octon/state/control/execution/runs/archive-proposal-architectural-review-mechanism-documentation-projection-alignment-20260616/context/status.yml	unreferenced control or continuity state needs operator classification
manual_review	active_control_state	.octon/state/control/execution/runs/archive-proposal-architectural-review-mechanism-documentation-projection-alignment-20260616/effect-tokens/effect-token-evidence-mutation-6a0698dfa087.json	unreferenced control or continuity state needs operator classification
manual_review	active_control_state	.octon/state/control/execution/runs/archive-proposal-architectural-review-mechanism-documentation-projection-alignment-20260616/effect-tokens/effect-token-state-control-mutation-d55f19ffca55.json	unreferenced control or continuity state needs operator classification
manual_review	active_control_state	.octon/state/control/execution/runs/archive-proposal-architectural-review-mechanism-documentation-projection-alignment-20260616/events.manifest.yml	unreferenced control or continuity state needs operator classification
manual_review	active_control_state	.octon/state/control/execution/runs/archive-proposal-architectural-review-mechanism-documentation-projection-alignment-20260616/events.ndjson	unreferenced control or continuity state needs operator classification
manual_review	active_control_state	.octon/state/control/execution/runs/archive-proposal-architectural-review-mechanism-documentation-projection-alignment-20260616/retry-records/baseline.yml	unreferenced control or continuity state needs operator classification
manual_review	active_control_state	.octon/state/control/execution/runs/archive-proposal-architectural-review-mechanism-documentation-projection-alignment-20260616/rollback-posture.yml	unreferenced control or continuity state needs operator classification
manual_review	active_control_state	.octon/state/control/execution/runs/archive-proposal-architectural-review-mechanism-documentation-projection-alignment-20260616/run-contract.yml	unreferenced control or continuity state needs operator classification
manual_review	active_control_state	.octon/state/control/execution/runs/archive-proposal-architectural-review-mechanism-documentation-projection-alignment-20260616/run-manifest.yml	unreferenced control or continuity state needs operator classification
manual_review	active_control_state	.octon/state/control/execution/runs/archive-proposal-architectural-review-mechanism-documentation-projection-alignment-20260616/runtime-state.yml	unreferenced control or continuity state needs operator classification
manual_review	active_control_state	.octon/state/control/execution/runs/archive-proposal-architectural-review-mechanism-documentation-projection-alignment-20260616/stage-attempts/initial.yml	unreferenced control or continuity state needs operator classification
cleanup_candidate	local_run_residue	.octon/state/control/execution/runs/lifecycle-proposal-packet-20260616-architectural-review-mechanism-documentation-projection-alignment-archive/context/active-context-pack.yml	unreferenced local proposal lifecycle runner residue
cleanup_candidate	local_run_residue	.octon/state/control/execution/runs/lifecycle-proposal-packet-20260616-architectural-review-mechanism-documentation-projection-alignment-archive/context/status.yml	unreferenced local proposal lifecycle runner residue
cleanup_candidate	local_run_residue	.octon/state/control/execution/runs/lifecycle-proposal-packet-20260616-architectural-review-mechanism-documentation-projection-alignment-archive/lifecycle-checkpoint.yml	unreferenced local proposal lifecycle runner residue
cleanup_candidate	local_run_residue	.octon/state/control/execution/runs/lifecycle-proposal-packet-20260616-architectural-review-mechanism-documentation-projection-alignment-archive/lifecycle-events.ndjson	unreferenced local proposal lifecycle runner residue
cleanup_candidate	local_run_residue	.octon/state/control/execution/runs/publish-1781572113652-59280/authority/budget-ledger.yml	unreferenced closed workflow-engine run residue: publish-1781572113652-59280
cleanup_candidate	local_run_residue	.octon/state/control/execution/runs/publish-1781572113652-59280/authority/decision.yml	unreferenced closed workflow-engine run residue: publish-1781572113652-59280
cleanup_candidate	local_run_residue	.octon/state/control/execution/runs/publish-1781572113652-59280/authority/grant-bundle.yml	unreferenced closed workflow-engine run residue: publish-1781572113652-59280
cleanup_candidate	local_run_residue	.octon/state/control/execution/runs/publish-1781572113652-59280/authority/review-dispositions.yml	unreferenced closed workflow-engine run residue: publish-1781572113652-59280
cleanup_candidate	local_run_residue	.octon/state/control/execution/runs/publish-1781572113652-59280/checkpoints/bound.yml	unreferenced closed workflow-engine run residue: publish-1781572113652-59280
cleanup_candidate	local_run_residue	.octon/state/control/execution/runs/publish-1781572113652-59280/checkpoints/execution-complete.yml	unreferenced closed workflow-engine run residue: publish-1781572113652-59280
cleanup_candidate	local_run_residue	.octon/state/control/execution/runs/publish-1781572113652-59280/checkpoints/execution-start.yml	unreferenced closed workflow-engine run residue: publish-1781572113652-59280
cleanup_candidate	local_run_residue	.octon/state/control/execution/runs/publish-1781572113652-59280/contamination/current.yml	unreferenced closed workflow-engine run residue: publish-1781572113652-59280
cleanup_candidate	local_run_residue	.octon/state/control/execution/runs/publish-1781572113652-59280/context/active-context-pack.yml	unreferenced closed workflow-engine run residue: publish-1781572113652-59280
cleanup_candidate	local_run_residue	.octon/state/control/execution/runs/publish-1781572113652-59280/context/status.yml	unreferenced closed workflow-engine run residue: publish-1781572113652-59280
cleanup_candidate	local_run_residue	.octon/state/control/execution/runs/publish-1781572113652-59280/effect-tokens/effect-token-evidence-mutation-10b12ce49702.json	unreferenced closed workflow-engine run residue: publish-1781572113652-59280
cleanup_candidate	local_run_residue	.octon/state/control/execution/runs/publish-1781572113652-59280/effect-tokens/effect-token-evidence-mutation-d630bc926572.json	unreferenced closed workflow-engine run residue: publish-1781572113652-59280
cleanup_candidate	local_run_residue	.octon/state/control/execution/runs/publish-1781572113652-59280/effect-tokens/effect-token-generated-effective-publication-4282b6153871.json	unreferenced closed workflow-engine run residue: publish-1781572113652-59280
cleanup_candidate	local_run_residue	.octon/state/control/execution/runs/publish-1781572113652-59280/effect-tokens/effect-token-state-control-mutation-00944f65ef00.json	unreferenced closed workflow-engine run residue: publish-1781572113652-59280
cleanup_candidate	local_run_residue	.octon/state/control/execution/runs/publish-1781572113652-59280/events.manifest.yml	unreferenced closed workflow-engine run residue: publish-1781572113652-59280
cleanup_candidate	local_run_residue	.octon/state/control/execution/runs/publish-1781572113652-59280/events.ndjson	unreferenced closed workflow-engine run residue: publish-1781572113652-59280
cleanup_candidate	local_run_residue	.octon/state/control/execution/runs/publish-1781572113652-59280/retry-records/baseline.yml	unreferenced closed workflow-engine run residue: publish-1781572113652-59280
cleanup_candidate	local_run_residue	.octon/state/control/execution/runs/publish-1781572113652-59280/rollback-posture.yml	unreferenced closed workflow-engine run residue: publish-1781572113652-59280
cleanup_candidate	local_run_residue	.octon/state/control/execution/runs/publish-1781572113652-59280/run-contract.yml	unreferenced closed workflow-engine run residue: publish-1781572113652-59280
cleanup_candidate	local_run_residue	.octon/state/control/execution/runs/publish-1781572113652-59280/run-manifest.yml	unreferenced closed workflow-engine run residue: publish-1781572113652-59280
cleanup_candidate	local_run_residue	.octon/state/control/execution/runs/publish-1781572113652-59280/runtime-state.yml	unreferenced closed workflow-engine run residue: publish-1781572113652-59280
cleanup_candidate	local_run_residue	.octon/state/control/execution/runs/publish-1781572113652-59280/stage-attempts/initial.yml	unreferenced closed workflow-engine run residue: publish-1781572113652-59280
manual_review	retained_evidence	.octon/state/evidence/control/execution/authority-decision-archive-proposal-architectural-review-mechanism-documentation-projection-alignment-20260616-archive-proposal.yml	unreferenced evidence root file needs explicit retention or cleanup rationale
cleanup_candidate	local_run_residue	.octon/state/evidence/control/execution/authority-decision-archive-proposal-architectural-review-mechanism-documentation-projection-alignment-20260616-validate-proposal.yml	unreferenced closed workflow-engine run residue: archive-proposal-architectural-review-mechanism-documentation-projection-alignment-20260616-validate-proposal
manual_review	retained_evidence	.octon/state/evidence/control/execution/authority-decision-archive-proposal-architectural-review-mechanism-documentation-projection-alignment-20260616.yml	unreferenced evidence root file needs explicit retention or cleanup rationale
cleanup_candidate	local_run_residue	.octon/state/evidence/control/execution/authority-decision-publish-1781572113652-59280.yml	unreferenced closed workflow-engine run residue: publish-1781572113652-59280
manual_review	retained_evidence	.octon/state/evidence/control/execution/authority-grant-bundle-archive-proposal-architectural-review-mechanism-documentation-projection-alignment-20260616-archive-proposal.yml	unreferenced evidence root file needs explicit retention or cleanup rationale
cleanup_candidate	local_run_residue	.octon/state/evidence/control/execution/authority-grant-bundle-archive-proposal-architectural-review-mechanism-documentation-projection-alignment-20260616-validate-proposal.yml	unreferenced closed workflow-engine run residue: archive-proposal-architectural-review-mechanism-documentation-projection-alignment-20260616-validate-proposal
manual_review	retained_evidence	.octon/state/evidence/control/execution/authority-grant-bundle-archive-proposal-architectural-review-mechanism-documentation-projection-alignment-20260616.yml	unreferenced evidence root file needs explicit retention or cleanup rationale
cleanup_candidate	local_run_residue	.octon/state/evidence/control/execution/authority-grant-bundle-publish-1781572113652-59280.yml	unreferenced closed workflow-engine run residue: publish-1781572113652-59280
manual_review	retained_evidence	.octon/state/evidence/disclosure/releases/2026-04-18-frontier-governance-bounded-complete/closure/host-authority-purity-report.yml	unreferenced evidence root file needs explicit retention or cleanup rationale
cleanup_candidate	local_run_residue	.octon/state/evidence/external-index/runs/archive-proposal-architectural-review-mechanism-documentation-projection-alignment-20260616-validate-proposal.yml	unreferenced closed workflow-engine run residue: archive-proposal-architectural-review-mechanism-documentation-projection-alignment-20260616-validate-proposal
cleanup_candidate	local_run_residue	.octon/state/evidence/external-index/runs/publish-1781572113652-59280.yml	unreferenced closed workflow-engine run residue: publish-1781572113652-59280
protected	active_run_state	.octon/state/evidence/runs/skills/closeout-change/architectural-review-mechanism-documentation-projection-alignment-branch-no-pr/classification.before-archive-commit.yml	belongs to the active lifecycle run id supplied to the cleanup helper
protected	active_run_state	.octon/state/evidence/runs/skills/closeout-change/architectural-review-mechanism-documentation-projection-alignment-branch-no-pr/repo-hygiene-authorize.before-archive-commit.log	belongs to the active lifecycle run id supplied to the cleanup helper
protected	active_run_state	.octon/state/evidence/runs/skills/closeout-change/architectural-review-mechanism-documentation-projection-alignment-branch-no-pr/repo-hygiene-summary.before-archive-commit.log	belongs to the active lifecycle run id supplied to the cleanup helper
protected	retained_evidence	.octon/state/evidence/validation/publication/runtime/2026-06-16T01-08-36Z-runtime-route-bundle-d832aab6f332.yml	referenced by a tracked control, evidence, generated, or governance file
summary:
  mode: authorize
  cleanup_candidates: 51
  eligible_cleanup_candidates: 51
  protected_referenced: 5
  manual_review: 37
  git_status_digest: sha256:f9b7732e5de4e97535c76f64d5fd641e46b09a08bd94e58e9cb99a924b376635
  classification_digest: sha256:f4305e917354e6606fc56559754fbae3777232693817bdbf9c4d84a442b79857
  cleanup_path_set_digest: sha256:f28406b2b8853b9a34a3e76bd47e05a18910912977c88be94e12fc1c752a1744
  protected_paths_digest: sha256:9ebe4549e6ccd111832dc1f7ad6274a694fdfa13f13119581ffeb376d4a38181
  manual_review_paths_digest: sha256:87ce6a153e668f085046472c90d7de97699d0232ad7135ddf0a39e686d6e6f0a
[OK] wrote cleanup authorization receipt: .octon/state/evidence/runs/skills/closeout-change/architectural-review-mechanism-documentation-projection-alignment-branch-no-pr/repo-hygiene-cleanup-authorization.before-archive-commit.json
